=== STARTING DATABASE MIGRATION TEST ===

--- Testing SocialGraph ---
[DatabaseManager] Connected to SQLite database
[SocialGraph] Loaded 1 relationships.
Updating interaction for 'test_user'...
Cache Role: stranger (Expected: stranger)
DB Row: {
  username: 'test_user',
  role: 'stranger',
  interactions: 3,
  last_seen: 1769847620091
}
node : 
At line:1 char:1
+ node tests/test_data
base.js > 
test_output.txt 2>&1
+ ~~~~~~~~~~~~~~~~~~~~
~~~~~~~~~~~~~~~~~~~~~~
~~~~~~~~
    + CategoryInfo    
          : 
NotSpecified    : 
(:String) [], Rem    
oteException
    + 
FullyQualifiedErr    
orId : NativeComman   
 dError
 
Γ¥î TEST FAILED: 
Error: SocialGraph 
persistence failed!
    at test (D:\AI\tes
ts\test_database.js:24
:59)
